First one s
changed 1
Last login: Tue Jun 17 14:26:05 on ttys000
Adult@DAEDMAC04 ~ % pwd
/Users/adult
Adult@DAEDMAC04 ~ % pwd
/Users/adult
Adult@DAEDMAC04 ~ % ls
2022.3.28f1		Downloads		Pictures
2022.3.31f1		Library			Public
Desktop			Movies			Sites
Documents		Music			memory card game (fnaf)
Adult@DAEDMAC04 ~ % cd Desktop
Adult@DAEDMAC04 Desktop % ls
IRA PICTURE 2.png		MyfirstProject
Incident response playbook	TODDAVERY
KG-DAE				Trace the Breach
Adult@DAEDMAC04 Desktop % cd Incident\ response\ playbook 
Adult@DAEDMAC04 Incident response playbook % ls       
cyber_threats_and_vulnerabilties_1	figma_1
cybersecurity_basics_1			prompt_engineering_1
design_1				version_control_1
Adult@DAEDMAC04 Incident response playbook % git add .
git commit -m"scann%                                                            Adult@DAEDMAC04 Incident response playbook % git commit -m"scanned website for vvulnerabilities"
[main 4876009] scanned website for vvulnerabilities
 5 files changed, 1753 insertions(+)
 create mode 100644 cyber_threats_and_vulnerabilties_1/.DS_Store
 create mode 100644 cyber_threats_and_vulnerabilties_1/Vulnerability Assessment Report (2).pdf
 create mode 100644 cyber_threats_and_vulnerabilties_1/juice_scan.txt
 create mode 100644 cybersecurity_basics_1/.DS_Store
Adult@DAEDMAC04 Incident response playbook % git push --all
Enumerating objects: 12, done.
Counting objects: 100% (12/12), done.
Delta compression using up to 8 threads
Compressing objects: 100% (9/9), done.
Writing objects: 100% (9/9), 1.46 MiB | 5.31 MiB/s, done.
Total 9 (delta 3), reused 0 (delta 0), pack-reused 0
remote: Resolving deltas: 100% (3/3), completed with 2 local objects.
To https://github.com/sitdownwithme/Incident-Response-Analysts-.git
   736423a..4876009  main -> main
Adult@DAEDMAC04 Incident response playbook % history  -60
  121  Cd TODDAVERY
  122  Ls TODDAVERY
  123  CD incident response analyst respository 
  124  pwd
  125  ls
  126  cd Desktop
  127  cd TODDAVERY
  128  ls
  129  ls
  130  Cd incident response analyst repository
  131  ls
  132  git init
  133  git config --global user.name
  134  git config --global user.name " sitdownwithme"
  135  git config --global user.name "sitdownwithme"
  136  git config --global user.email "jayfields95@yahoo.com"
  137  git remote add origin https://github.com/sitdownwithme/Incident-Response-Analysts-.git
  138  git add .
  139  git comit -m"created course folders and submitting research for project next 2 weeks"
  140  git comit -m "created course folders and submitting research for project next 2 weeks" 
  141  git commit -m "created course folders and submitting research for project next 2 weeks" 
  142  ls
  143  ls
  144  ls
  145  cd ..
  146  ls
  147  cd "incident response analyst repository /"
  148  ls
  149  git init
  150  git config --global user.name "sitdownwithme"
  151  git config --global user.email "jayfields95@yahoo.com"
  152  git remote add origin https://github.com/sitdownwithme/Incident-Response-Analysts-.git
  153  git add .
  154  git commit -m "created course folders and submitting research for project next 2 weeks" 
  155  git push --all
  156  git push --all
  157  git push --all
  158  git push --all
  159  cd Desktop
  160  cd Desktop
  161  cd incident\ response\ analyst\ repository\ 
  162  git add .
  163  git commit -m "Submitted the research document"
  164  git push --all
  165  git add .
  166  git commit -m " added my incident response plan playbook"
  167  git push --all
  168  csrutil disable\n
  169  sudo ls
  170  pwd
  171  pwd
  172  pwd
  173  ls
  174  cd Desktop
  175  ls
  176  cd Incident\ response\ playbook
  177  ls
  178  git add .
  179  git commit -m"scanned website for vvulnerabilities"
  180  git push --all
Adult@DAEDMAC04 Incident response playbook % ls -la
total 32
drwxr-xr-x  12 Adult  staff    384 Jun 18 13:25 .
drwx------@ 10 Adult  staff    320 Jun 17 13:42 ..
-rw-r--r--@  1 Adult  staff  12292 Jun 18 13:26 .DS_Store
drwxr-xr-x  12 Adult  staff    384 Jun 17 15:04 .git
drwxr-xr-x   6 Adult  staff    192 Jun 18 13:25 cyber_threats_and_vulnerabilties_1
drwxr-xr-x   5 Adult  staff    160 Jun 18 13:25 cybersecurity_basics_1
drwxr-xr-x   4 Adult  staff    128 Jun 12 18:08 design_1
drwxr-xr-x   4 Adult  staff    128 Jun 12 18:08 figma_1
drwxr-xr-x   3 Adult  staff     96 Jun 18 13:25 incidence_response_1
drwxr-xr-x   4 Adult  staff    128 Jun 12 18:08 prompt_engineering_1
drwxr-xr-x   3 Adult  staff     96 Jun 18 13:26 unix_1
drwxr-xr-x   4 Adult  staff    128 Jun 12 18:08 version_control_1
Adult@DAEDMAC04 Incident response playbook % cd to unix_1
cd: no such file or directory: /Users/adult/Deskunix_1p/Incident response playbook
Adult@DAEDMAC04 Incident response playbook % cd unix_1
Adult@DAEDMAC04 unix_1 % touch first.txt
Adult@DAEDMAC04 unix_1 % touch second.txt
Adult@DAEDMAC04 unix_1 % cat first.txt 
First one s%                                                                    Adult@DAEDMAC04 unix_1 % cat first.txt second.txt
First one sSecond one s%                                                        Adult@DAEDMAC04 unix_1 % nano first.txt
Adult@DAEDMAC04 unix_1 % history -60
  130  Cd incident response analyst repository
  131  ls
  132  git init
  133  git config --global user.name
  134  git config --global user.name " sitdownwithme"
  135  git config --global user.name "sitdownwithme"
  136  git config --global user.email "jayfields95@yahoo.com"
  137  git remote add origin https://github.com/sitdownwithme/Incident-Response-Analysts-.git
  138  git add .
  139  git comit -m"created course folders and submitting research for project next 2 weeks"
  140  git comit -m "created course folders and submitting research for project next 2 weeks" 
  141  git commit -m "created course folders and submitting research for project next 2 weeks" 
  142  ls
  143  ls
  144  ls
  145  cd ..
  146  ls
  147  cd "incident response analyst repository /"
  148  ls
  149  git init
  150  git config --global user.name "sitdownwithme"
  151  git config --global user.email "jayfields95@yahoo.com"
  152  git remote add origin https://github.com/sitdownwithme/Incident-Response-Analysts-.git
  153  git add .
  154  git commit -m "created course folders and submitting research for project next 2 weeks" 
  155  git push --all
  156  git push --all
  157  git push --all
  158  git push --all
  159  cd Desktop
  160  cd Desktop
  161  cd incident\ response\ analyst\ repository\ 
  162  git add .
  163  git commit -m "Submitted the research document"
  164  git push --all
  165  git add .
  166  git commit -m " added my incident response plan playbook"
  167  git push --all
  168  csrutil disable\n
  169  sudo ls
  170  pwd
  171  pwd
  172  pwd
  173  ls
  174  cd Desktop
  175  ls
  176  cd Incident\ response\ playbook
  177  ls
  178  git add .
  179  git commit -m"scanned website for vvulnerabilities"
  180  git push --all
  181  history  -60
  182  ls -la
  183  cd to unix_1
  184  cd unix_1
  185  touch first.txt
  186  touch second.txt
  187  cat first.txt
  188  cat first.txt second.txt
  189  nano first.txt
Adult@DAEDMAC04 unix_1 % 
